[18:50:31] [ServerMain/INFO]: [bootstrap] Running Java 21 (OpenJDK 64-Bit Server VM 21.0.6+7-Ubuntu-124.04.1; Ubuntu null) on Linux 6.8.0-52-generic (amd64)
[18:50:31] [ServerMain/INFO]: [bootstrap] Loading Paper 1.21.4-150-main@46f4fda (2025-02-12T22:37:19Z) for Minecraft 1.21.4
[18:50:32] [ServerMain/INFO]: [PluginInitializerManager] Initializing plugins...
[18:50:32] [ServerMain/INFO]: [PluginInitializerManager] Initialized 0 plugins
[18:50:34] [ServerMain/INFO]: Environment: Environment[sessionHost=https://sessionserver.mojang.com, servicesHost=https://api.minecraftservices.com, name=PROD]
[18:50:34] [ServerMain/INFO]: Found new data pack file/bukkit, loading it automatically
[18:50:34] [ServerMain/INFO]: Found new data pack paper, loading it automatically
[18:50:34] [ServerMain/INFO]: No existing world data, creating new world
[18:50:34] [ServerMain/INFO]: Loaded 1370 recipes
[18:50:34] [ServerMain/INFO]: Loaded 1481 advancements
[18:50:34] [ServerMain/INFO]: [MCTypeRegistry] Initialising converters for DataConverter...
[18:50:34] [ServerMain/INFO]: [MCTypeRegistry] Finished initialising converters for DataConverter in 96.3ms
[18:50:34] [Server thread/INFO]: Starting minecraft server version 1.21.4
[18:50:34] [Server thread/INFO]: Loading properties
[18:50:34] [Server thread/INFO]: This server is running Paper version 1.21.4-150-main@46f4fda (2025-02-12T22:37:19Z) (Implementing API version 1.21.4-R0.1-SNAPSHOT)
[18:50:34] [Server thread/INFO]: [spark] This server bundles the spark profiler. For more information please visit https://docs.papermc.io/paper/profiling
[18:50:35] [Server thread/INFO]: Server Ping Player Sample Count: 12
[18:50:35] [Server thread/INFO]: Using 4 threads for Netty based IO
[18:50:35] [Server thread/INFO]: [MoonriseCommon] Paper is using 6 worker threads, 1 I/O threads
[18:50:35] [Server thread/INFO]: [ChunkTaskScheduler] Chunk system is using population gen parallelism: true
[18:50:35] [Server thread/INFO]: Default game type: SURVIVAL
[18:50:35] [Server thread/INFO]: Generating keypair
[18:50:35] [Server thread/INFO]: Starting Minecraft server on *:25565
[18:50:35] [Server thread/INFO]: Using epoll channel type
[18:50:35] [Server thread/INFO]: Paper: Using libdeflate (Linux x86_64) compression from Velocity.
[18:50:35] [Server thread/INFO]: Paper: Using OpenSSL 3.x.x (Linux x86_64) cipher from Velocity.
[18:50:35] [Server thread/INFO]: Preparing level "world"
[18:50:37] [Server thread/INFO]: Preparing start region for dimension minecraft:overworld
[18:50:37] [Server thread/INFO]: Preparing spawn area: 2%
[18:50:37] [Server thread/INFO]: Preparing spawn area: 46%
[18:50:37] [Server thread/INFO]: Time elapsed: 677 ms
[18:50:37] [Server thread/INFO]: Preparing start region for dimension minecraft:the_nether
[18:50:37] [Server thread/INFO]: Preparing spawn area: 2%
[18:50:37] [Server thread/INFO]: Time elapsed: 155 ms
[18:50:37] [Server thread/INFO]: Preparing start region for dimension minecraft:the_end
[18:50:37] [Server thread/INFO]: Preparing spawn area: 2%
[18:50:38] [Server thread/INFO]: Time elapsed: 48 ms
[18:50:38] [Server thread/INFO]: [spark] Starting background profiler...
[18:50:38] [Server thread/INFO]: Done preparing level "world" (2.620s)
[18:50:38] [Server thread/INFO]: Running delayed init tasks
[18:50:38] [Server thread/INFO]: Done (6.551s)! For help, type "help"
[18:50:38] [Server thread/INFO]: *************************************************************************************
[18:50:38] [Server thread/INFO]: This is the first time you're starting this server.
[18:50:38] [Server thread/INFO]: It's recommended you read our 'Getting Started' documentation for guidance.
[18:50:38] [Server thread/INFO]: View this and more helpful information here: https://docs.papermc.io/paper/next-steps
[18:50:38] [Server thread/INFO]: *************************************************************************************
[18:52:03] [Server thread/INFO]: Stopping server
[18:52:03] [Server thread/INFO]: Saving players
[18:52:03] [Server thread/INFO]: Saving worlds
[18:52:03] [Server thread/INFO]: Saving chunks for level 'ServerLevel[world]'/minecraft:overworld
[18:52:03] [Server thread/INFO]: [ChunkHolderManager] Waiting 60s for chunk system to halt for world 'world'
[18:52:03] [Server thread/INFO]: [ChunkHolderManager] Halted chunk system for world 'world'
[18:52:03] [Server thread/INFO]: [ChunkHolderManager] Saving all chunkholders for world 'world'
[18:52:03] [Server thread/INFO]: [ChunkHolderManager] Saved 841 block chunks, 49 entity chunks, 2 poi chunks in world 'world' in 0.19s
[18:52:03] [Server thread/INFO]: [ChunkHolderManager] Waiting 60s for chunk I/O to halt for world 'world'
[18:52:03] [Server thread/INFO]: [ChunkHolderManager] Halted I/O scheduler for world 'world'
[18:52:03] [Server thread/INFO]: Saving chunks for level 'ServerLevel[world_nether]'/minecraft:the_nether
[18:52:03] [Server thread/INFO]: [ChunkHolderManager] Waiting 60s for chunk system to halt for world 'world_nether'
[18:52:03] [Server thread/INFO]: [ChunkHolderManager] Halted chunk system for world 'world_nether'
[18:52:03] [Server thread/INFO]: [ChunkHolderManager] Saving all chunkholders for world 'world_nether'
[18:52:03] [Server thread/INFO]: [ChunkHolderManager] Saved 841 block chunks, 49 entity chunks, 0 poi chunks in world 'world_nether' in 0.04s
[18:52:03] [Server thread/INFO]: [ChunkHolderManager] Waiting 60s for chunk I/O to halt for world 'world_nether'
[18:52:03] [Server thread/INFO]: [ChunkHolderManager] Halted I/O scheduler for world 'world_nether'
[18:52:03] [Server thread/INFO]: Saving chunks for level 'ServerLevel[world_the_end]'/minecraft:the_end
[18:52:03] [Server thread/INFO]: [ChunkHolderManager] Waiting 60s for chunk system to halt for world 'world_the_end'
[18:52:03] [Server thread/INFO]: [ChunkHolderManager] Halted chunk system for world 'world_the_end'
[18:52:03] [Server thread/INFO]: [ChunkHolderManager] Saving all chunkholders for world 'world_the_end'
[18:52:03] [Server thread/INFO]: [ChunkHolderManager] Saved 841 block chunks, 49 entity chunks, 0 poi chunks in world 'world_the_end' in 0.04s
[18:52:03] [Server thread/INFO]: [ChunkHolderManager] Waiting 60s for chunk I/O to halt for world 'world_the_end'
[18:52:03] [Server thread/INFO]: [ChunkHolderManager] Halted I/O scheduler for world 'world_the_end'
[18:52:03] [Server thread/INFO]: ThreadedAnvilChunkStorage (world): All chunks are saved
[18:52:03] [Server thread/INFO]: ThreadedAnvilChunkStorage (DIM-1): All chunks are saved
[18:52:03] [Server thread/INFO]: ThreadedAnvilChunkStorage (DIM1): All chunks are saved
[18:52:03] [Server thread/INFO]: ThreadedAnvilChunkStorage: All dimensions are saved
[18:52:03] [Server thread/INFO]: Waiting for I/O tasks to complete...
[18:52:03] [Server thread/INFO]: All I/O tasks to complete
[18:52:03] [Server thread/INFO]: [MoonriseCommon] Awaiting termination of worker pool for up to 60s...
[18:52:03] [Server thread/INFO]: [MoonriseCommon] Awaiting termination of I/O pool for up to 60s...
